
Merging program properties

Removed property 0xc0000002 to merge kernel/start.o (0x3) and kernel/kernel.o (not found)
Removed property 0xc0000002 to merge kernel/start.o (not found) and kernel/main.o (0x3)
Removed property 0xc0000002 to merge kernel/start.o (not found) and kernel/clock.o (0x3)
Removed property 0xc0000002 to merge kernel/start.o (not found) and kernel/keyboard.o (0x3)
Removed property 0xc0000002 to merge kernel/start.o (not found) and kernel/tty.o (0x3)
Removed property 0xc0000002 to merge kernel/start.o (not found) and kernel/console.o (0x3)
Removed property 0xc0000002 to merge kernel/start.o (not found) and kernel/i8259.o (0x3)
Removed property 0xc0000002 to merge kernel/start.o (not found) and kernel/global.o (0x3)
Removed property 0xc0000002 to merge kernel/start.o (not found) and kernel/protect.o (0x3)
Removed property 0xc0000002 to merge kernel/start.o (not found) and kernel/proc.o (0x3)
Removed property 0xc0000002 to merge kernel/start.o (not found) and kernel/systask.o (0x3)
Removed property 0xc0000002 to merge kernel/start.o (not found) and kernel/hd.o (0x3)
Removed property 0xc0000002 to merge kernel/start.o (not found) and kernel/game/fivechess.o (0x3)
Removed property 0xc0000002 to merge kernel/start.o (not found) and kernel/game/mine.o (0x3)
Removed property 0xc0000002 to merge kernel/start.o (not found) and kernel/game/pushbox.o (0x3)
Removed property 0xc0000002 to merge kernel/start.o (not found) and kernel/game/2048.o (0x3)
Removed property 0xc0000002 to merge kernel/start.o (not found) and kernel/game/tictactoe.o (0x3)
Removed property 0xc0000002 to merge kernel/start.o (not found) and kernel/game/colorball.o (0x3)
Removed property 0xc0000002 to merge kernel/start.o (not found) and kernel/game/draughts.o (0x3)
Removed property 0xc0000002 to merge kernel/start.o (not found) and kernel/application/math.o (0x3)
Removed property 0xc0000002 to merge kernel/start.o (not found) and kernel/application/calendar.o (0x3)
Removed property 0xc0000002 to merge kernel/start.o (not found) and kernel/application/processmanager.o (0x3)
Removed property 0xc0000002 to merge kernel/start.o (not found) and kernel/application/systemguide.o (0x3)
Removed property 0xc0000002 to merge kernel/start.o (not found) and lib/printf.o (0x3)
Removed property 0xc0000002 to merge kernel/start.o (not found) and lib/vsprintf.o (0x3)
Removed property 0xc0000002 to merge kernel/start.o (not found) and lib/klib.o (0x3)
Removed property 0xc0000002 to merge kernel/start.o (not found) and lib/misc.o (0x3)
Removed property 0xc0000002 to merge kernel/start.o (not found) and lib/open.o (0x3)
Removed property 0xc0000002 to merge kernel/start.o (not found) and lib/read.o (0x3)
Removed property 0xc0000002 to merge kernel/start.o (not found) and lib/write.o (0x3)
Removed property 0xc0000002 to merge kernel/start.o (not found) and lib/close.o (0x3)
Removed property 0xc0000002 to merge kernel/start.o (not found) and lib/unlink.o (0x3)
Removed property 0xc0000002 to merge kernel/start.o (not found) and lib/getpid.o (0x3)
Removed property 0xc0000002 to merge kernel/start.o (not found) and lib/syslog.o (0x3)
Removed property 0xc0000002 to merge kernel/start.o (not found) and fs/main.o (0x3)
Removed property 0xc0000002 to merge kernel/start.o (not found) and fs/open.o (0x3)
Removed property 0xc0000002 to merge kernel/start.o (not found) and fs/misc.o (0x3)
Removed property 0xc0000002 to merge kernel/start.o (not found) and fs/read_write.o (0x3)
Removed property 0xc0000002 to merge kernel/start.o (not found) and fs/link.o (0x3)
Removed property 0xc0000002 to merge kernel/start.o (not found) and fs/disklog.o (0x3)

分配公共符号
公共符号            大小              文件

map                 0x3cc             kernel/game/colorball.o
idt_ptr             0x6               kernel/global.o
inode_table         0xb00             kernel/global.o
task_stack          0x48000           kernel/global.o
k_reenter           0x4               kernel/global.o
pp                  0x144             kernel/game/colorball.o
gdt                 0x400             kernel/global.o
current_console     0x4               kernel/global.o
pcaller             0x4               kernel/global.o
old_config          0x3c              kernel/game/2048.o
tty_table           0x1090            kernel/global.o
blocks              0x3200            kernel/main.o
number              0x4               kernel/game/colorball.o
tss                 0x68              kernel/global.o
tmpQP               0x24              kernel/game/tictactoe.o
score               0x4               kernel/game/colorball.o
fs_msg              0x30              kernel/global.o
f_desc_table        0x300             kernel/global.o
root_inode          0x4               kernel/global.o
disp_pos            0x4               kernel/global.o
key_pressed         0x4               kernel/global.o
gdt_ptr             0x6               kernel/global.o
idt                 0x800             kernel/global.o
super_block         0x1e0             kernel/global.o
numMyFlag           0x4               kernel/game/draughts.o
PARTITION_ENTRY     0x10              kernel/hd.o
ticks               0x4               kernel/global.o
mark                0x144             kernel/game/colorball.o
States              0x14820           kernel/game/tictactoe.o
show                0x79              kernel/game/mine.o
console_table       0x50              kernel/global.o
IDLog               0x190             kernel/main.o
irq_table           0x40              kernel/global.o
p_proc_ready        0x4               kernel/global.o
proc_table          0xe58             kernel/global.o
mine                0x79              kernel/game/mine.o
numEneFlag          0x4               kernel/game/draughts.o

舍弃的输入节

 .group         0x0000000000000000        0x8 kernel/start.o
 .note.GNU-stack
                0x0000000000000000        0x0 kernel/start.o
 .note.gnu.property
                0x0000000000000000       0x1c kernel/start.o
 .group         0x0000000000000000        0x8 kernel/main.o
 .group         0x0000000000000000        0x8 kernel/main.o
 .text.__x86.get_pc_thunk.bx
                0x0000000000000000        0x4 kernel/main.o
 .note.GNU-stack
                0x0000000000000000        0x0 kernel/main.o
 .note.gnu.property
                0x0000000000000000       0x1c kernel/main.o
 .group         0x0000000000000000        0x8 kernel/clock.o
 .text.__x86.get_pc_thunk.bx
                0x0000000000000000        0x4 kernel/clock.o
 .note.GNU-stack
                0x0000000000000000        0x0 kernel/clock.o
 .note.gnu.property
                0x0000000000000000       0x1c kernel/clock.o
 .group         0x0000000000000000        0x8 kernel/keyboard.o
 .text.__x86.get_pc_thunk.bx
                0x0000000000000000        0x4 kernel/keyboard.o
 .note.GNU-stack
                0x0000000000000000        0x0 kernel/keyboard.o
 .note.gnu.property
                0x0000000000000000       0x1c kernel/keyboard.o
 .group         0x0000000000000000        0x8 kernel/tty.o
 .group         0x0000000000000000        0x8 kernel/tty.o
 .text.__x86.get_pc_thunk.ax
                0x0000000000000000        0x4 kernel/tty.o
 .text.__x86.get_pc_thunk.bx
                0x0000000000000000        0x4 kernel/tty.o
 .note.GNU-stack
                0x0000000000000000        0x0 kernel/tty.o
 .note.gnu.property
                0x0000000000000000       0x1c kernel/tty.o
 .group         0x0000000000000000        0x8 kernel/console.o
 .group         0x0000000000000000        0x8 kernel/console.o
 .group         0x0000000000000000        0x8 kernel/console.o
 .group         0x0000000000000000        0x8 kernel/console.o
 .text.__x86.get_pc_thunk.ax
                0x0000000000000000        0x4 kernel/console.o
 .text.__x86.get_pc_thunk.bx
                0x0000000000000000        0x4 kernel/console.o
 .note.GNU-stack
                0x0000000000000000        0x0 kernel/console.o
 .note.gnu.property
                0x0000000000000000       0x1c kernel/console.o
 .group         0x0000000000000000        0x8 kernel/i8259.o
 .text.__x86.get_pc_thunk.bx
                0x0000000000000000        0x4 kernel/i8259.o
 .note.GNU-stack
                0x0000000000000000        0x0 kernel/i8259.o
 .note.gnu.property
                0x0000000000000000       0x1c kernel/i8259.o
 .note.GNU-stack
                0x0000000000000000        0x0 kernel/global.o
 .note.gnu.property
                0x0000000000000000       0x1c kernel/global.o
 .group         0x0000000000000000        0x8 kernel/protect.o
 .group         0x0000000000000000        0x8 kernel/protect.o
 .text.__x86.get_pc_thunk.ax
                0x0000000000000000        0x4 kernel/protect.o
 .text.__x86.get_pc_thunk.bx
                0x0000000000000000        0x4 kernel/protect.o
 .note.GNU-stack
                0x0000000000000000        0x0 kernel/protect.o
 .note.gnu.property
                0x0000000000000000       0x1c kernel/protect.o
 .group         0x0000000000000000        0x8 kernel/proc.o
 .group         0x0000000000000000        0x8 kernel/proc.o
 .group         0x0000000000000000        0x8 kernel/proc.o
 .text.__x86.get_pc_thunk.ax
                0x0000000000000000        0x4 kernel/proc.o
 .text.__x86.get_pc_thunk.dx
                0x0000000000000000        0x4 kernel/proc.o
 .text.__x86.get_pc_thunk.bx
                0x0000000000000000        0x4 kernel/proc.o
 .note.GNU-stack
                0x0000000000000000        0x0 kernel/proc.o
 .note.gnu.property
                0x0000000000000000       0x1c kernel/proc.o
 .group         0x0000000000000000        0x8 kernel/systask.o
 .text.__x86.get_pc_thunk.bx
                0x0000000000000000        0x4 kernel/systask.o
 .note.GNU-stack
                0x0000000000000000        0x0 kernel/systask.o
 .note.gnu.property
                0x0000000000000000       0x1c kernel/systask.o
 .group         0x0000000000000000        0x8 kernel/hd.o
 .group         0x0000000000000000        0x8 kernel/hd.o
 .text.__x86.get_pc_thunk.ax
                0x0000000000000000        0x4 kernel/hd.o
 .text.__x86.get_pc_thunk.bx
                0x0000000000000000        0x4 kernel/hd.o
 .note.GNU-stack
                0x0000000000000000        0x0 kernel/hd.o
 .note.gnu.property
                0x0000000000000000       0x1c kernel/hd.o
 .group         0x0000000000000000        0x8 kernel/game/fivechess.o
 .group         0x0000000000000000        0x8 kernel/game/fivechess.o
 .group         0x0000000000000000        0x8 kernel/game/fivechess.o
 .text.__x86.get_pc_thunk.ax
                0x0000000000000000        0x4 kernel/game/fivechess.o
 .text.__x86.get_pc_thunk.dx
                0x0000000000000000        0x4 kernel/game/fivechess.o
 .text.__x86.get_pc_thunk.bx
                0x0000000000000000        0x4 kernel/game/fivechess.o
 .note.GNU-stack
                0x0000000000000000        0x0 kernel/game/fivechess.o
 .note.gnu.property
                0x0000000000000000       0x1c kernel/game/fivechess.o
 .group         0x0000000000000000        0x8 kernel/game/mine.o
 .group         0x0000000000000000        0x8 kernel/game/mine.o
 .group         0x0000000000000000        0x8 kernel/game/mine.o
 .text.__x86.get_pc_thunk.ax
                0x0000000000000000        0x4 kernel/game/mine.o
 .text.__x86.get_pc_thunk.cx
                0x0000000000000000        0x4 kernel/game/mine.o
 .text.__x86.get_pc_thunk.bx
                0x0000000000000000        0x4 kernel/game/mine.o
 .note.GNU-stack
                0x0000000000000000        0x0 kernel/game/mine.o
 .note.gnu.property
                0x0000000000000000       0x1c kernel/game/mine.o
 .group         0x0000000000000000        0x8 kernel/game/pushbox.o
 .text.__x86.get_pc_thunk.bx
                0x0000000000000000        0x4 kernel/game/pushbox.o
 .note.GNU-stack
                0x0000000000000000        0x0 kernel/game/pushbox.o
 .note.gnu.property
                0x0000000000000000       0x1c kernel/game/pushbox.o
 .group         0x0000000000000000        0x8 kernel/game/2048.o
 .group         0x0000000000000000        0x8 kernel/game/2048.o
 .text.__x86.get_pc_thunk.ax
                0x0000000000000000        0x4 kernel/game/2048.o
 .text.__x86.get_pc_thunk.bx
                0x0000000000000000        0x4 kernel/game/2048.o
 .note.GNU-stack
                0x0000000000000000        0x0 kernel/game/2048.o
 .note.gnu.property
                0x0000000000000000       0x1c kernel/game/2048.o
 .group         0x0000000000000000        0x8 kernel/game/tictactoe.o
 .group         0x0000000000000000        0x8 kernel/game/tictactoe.o
 .group         0x0000000000000000        0x8 kernel/game/tictactoe.o
 .text.__x86.get_pc_thunk.ax
                0x0000000000000000        0x4 kernel/game/tictactoe.o
 .text.__x86.get_pc_thunk.dx
                0x0000000000000000        0x4 kernel/game/tictactoe.o
 .text.__x86.get_pc_thunk.bx
                0x0000000000000000        0x4 kernel/game/tictactoe.o
 .note.GNU-stack
                0x0000000000000000        0x0 kernel/game/tictactoe.o
 .note.gnu.property
                0x0000000000000000       0x1c kernel/game/tictactoe.o
 .group         0x0000000000000000        0x8 kernel/game/colorball.o
 .group         0x0000000000000000        0x8 kernel/game/colorball.o
 .group         0x0000000000000000        0x8 kernel/game/colorball.o
 .text.__x86.get_pc_thunk.ax
                0x0000000000000000        0x4 kernel/game/colorball.o
 .text.__x86.get_pc_thunk.dx
                0x0000000000000000        0x4 kernel/game/colorball.o
 .text.__x86.get_pc_thunk.bx
                0x0000000000000000        0x4 kernel/game/colorball.o
 .note.GNU-stack
                0x0000000000000000        0x0 kernel/game/colorball.o
 .note.gnu.property
                0x0000000000000000       0x1c kernel/game/colorball.o
 .group         0x0000000000000000        0x8 kernel/game/draughts.o
 .group         0x0000000000000000        0x8 kernel/game/draughts.o
 .group         0x0000000000000000        0x8 kernel/game/draughts.o
 .text.__x86.get_pc_thunk.ax
                0x0000000000000000        0x4 kernel/game/draughts.o
 .text.__x86.get_pc_thunk.dx
                0x0000000000000000        0x4 kernel/game/draughts.o
 .text.__x86.get_pc_thunk.bx
                0x0000000000000000        0x4 kernel/game/draughts.o
 .note.GNU-stack
                0x0000000000000000        0x0 kernel/game/draughts.o
 .note.gnu.property
                0x0000000000000000       0x1c kernel/game/draughts.o
 .group         0x0000000000000000        0x8 kernel/application/math.o
 .group         0x0000000000000000        0x8 kernel/application/math.o
 .text.__x86.get_pc_thunk.ax
                0x0000000000000000        0x4 kernel/application/math.o
 .text.__x86.get_pc_thunk.bx
                0x0000000000000000        0x4 kernel/application/math.o
 .note.GNU-stack
                0x0000000000000000        0x0 kernel/application/math.o
 .note.gnu.property
                0x0000000000000000       0x1c kernel/application/math.o
 .group         0x0000000000000000        0x8 kernel/application/calendar.o
 .group         0x0000000000000000        0x8 kernel/application/calendar.o
 .text.__x86.get_pc_thunk.ax
                0x0000000000000000        0x4 kernel/application/calendar.o
 .text.__x86.get_pc_thunk.bx
                0x0000000000000000        0x4 kernel/application/calendar.o
 .note.GNU-stack
                0x0000000000000000        0x0 kernel/application/calendar.o
 .note.gnu.property
                0x0000000000000000       0x1c kernel/application/calendar.o
 .group         0x0000000000000000        0x8 kernel/application/processmanager.o
 .text.__x86.get_pc_thunk.bx
                0x0000000000000000        0x4 kernel/application/processmanager.o
 .note.GNU-stack
                0x0000000000000000        0x0 kernel/application/processmanager.o
 .note.gnu.property
                0x0000000000000000       0x1c kernel/application/processmanager.o
 .group         0x0000000000000000        0x8 kernel/application/systemguide.o
 .text.__x86.get_pc_thunk.bx
                0x0000000000000000        0x4 kernel/application/systemguide.o
 .note.GNU-stack
                0x0000000000000000        0x0 kernel/application/systemguide.o
 .note.gnu.property
                0x0000000000000000       0x1c kernel/application/systemguide.o
 .group         0x0000000000000000        0x8 lib/printf.o
 .text.__x86.get_pc_thunk.bx
                0x0000000000000000        0x4 lib/printf.o
 .note.GNU-stack
                0x0000000000000000        0x0 lib/printf.o
 .note.gnu.property
                0x0000000000000000       0x1c lib/printf.o
 .group         0x0000000000000000        0x8 lib/vsprintf.o
 .group         0x0000000000000000        0x8 lib/vsprintf.o
 .text.__x86.get_pc_thunk.ax
                0x0000000000000000        0x4 lib/vsprintf.o
 .text.__x86.get_pc_thunk.bx
                0x0000000000000000        0x4 lib/vsprintf.o
 .note.GNU-stack
                0x0000000000000000        0x0 lib/vsprintf.o
 .note.gnu.property
                0x0000000000000000       0x1c lib/vsprintf.o
 .group         0x0000000000000000        0x8 lib/klib.o
 .group         0x0000000000000000        0x8 lib/klib.o
 .text.__x86.get_pc_thunk.ax
                0x0000000000000000        0x4 lib/klib.o
 .text.__x86.get_pc_thunk.bx
                0x0000000000000000        0x4 lib/klib.o
 .note.GNU-stack
                0x0000000000000000        0x0 lib/klib.o
 .note.gnu.property
                0x0000000000000000       0x1c lib/klib.o
 .group         0x0000000000000000        0x8 lib/misc.o
 .group         0x0000000000000000        0x8 lib/misc.o
 .text.__x86.get_pc_thunk.ax
                0x0000000000000000        0x4 lib/misc.o
 .text.__x86.get_pc_thunk.bx
                0x0000000000000000        0x4 lib/misc.o
 .note.GNU-stack
                0x0000000000000000        0x0 lib/misc.o
 .note.gnu.property
                0x0000000000000000       0x1c lib/misc.o
 .group         0x0000000000000000        0x8 lib/open.o
 .text.__x86.get_pc_thunk.bx
                0x0000000000000000        0x4 lib/open.o
 .note.GNU-stack
                0x0000000000000000        0x0 lib/open.o
 .note.gnu.property
                0x0000000000000000       0x1c lib/open.o
 .group         0x0000000000000000        0x8 lib/read.o
 .text.__x86.get_pc_thunk.ax
                0x0000000000000000        0x4 lib/read.o
 .note.GNU-stack
                0x0000000000000000        0x0 lib/read.o
 .note.gnu.property
                0x0000000000000000       0x1c lib/read.o
 .group         0x0000000000000000        0x8 lib/write.o
 .text.__x86.get_pc_thunk.ax
                0x0000000000000000        0x4 lib/write.o
 .note.GNU-stack
                0x0000000000000000        0x0 lib/write.o
 .note.gnu.property
                0x0000000000000000       0x1c lib/write.o
 .group         0x0000000000000000        0x8 lib/close.o
 .text.__x86.get_pc_thunk.ax
                0x0000000000000000        0x4 lib/close.o
 .note.GNU-stack
                0x0000000000000000        0x0 lib/close.o
 .note.gnu.property
                0x0000000000000000       0x1c lib/close.o
 .group         0x0000000000000000        0x8 lib/unlink.o
 .text.__x86.get_pc_thunk.bx
                0x0000000000000000        0x4 lib/unlink.o
 .note.GNU-stack
                0x0000000000000000        0x0 lib/unlink.o
 .note.gnu.property
                0x0000000000000000       0x1c lib/unlink.o
 .group         0x0000000000000000        0x8 lib/getpid.o
 .text.__x86.get_pc_thunk.bx
                0x0000000000000000        0x4 lib/getpid.o
 .note.GNU-stack
                0x0000000000000000        0x0 lib/getpid.o
 .note.gnu.property
                0x0000000000000000       0x1c lib/getpid.o
 .group         0x0000000000000000        0x8 lib/syslog.o
 .text.__x86.get_pc_thunk.bx
                0x0000000000000000        0x4 lib/syslog.o
 .note.GNU-stack
                0x0000000000000000        0x0 lib/syslog.o
 .note.gnu.property
                0x0000000000000000       0x1c lib/syslog.o
 .group         0x0000000000000000        0x8 fs/main.o
 .group         0x0000000000000000        0x8 fs/main.o
 .text.__x86.get_pc_thunk.ax
                0x0000000000000000        0x4 fs/main.o
 .text.__x86.get_pc_thunk.bx
                0x0000000000000000        0x4 fs/main.o
 .note.GNU-stack
                0x0000000000000000        0x0 fs/main.o
 .note.gnu.property
                0x0000000000000000       0x1c fs/main.o
 .group         0x0000000000000000        0x8 fs/open.o
 .group         0x0000000000000000        0x8 fs/open.o
 .text.__x86.get_pc_thunk.ax
                0x0000000000000000        0x4 fs/open.o
 .text.__x86.get_pc_thunk.bx
                0x0000000000000000        0x4 fs/open.o
 .note.GNU-stack
                0x0000000000000000        0x0 fs/open.o
 .note.gnu.property
                0x0000000000000000       0x1c fs/open.o
 .group         0x0000000000000000        0x8 fs/misc.o
 .group         0x0000000000000000        0x8 fs/misc.o
 .text.__x86.get_pc_thunk.cx
                0x0000000000000000        0x4 fs/misc.o
 .text.__x86.get_pc_thunk.bx
                0x0000000000000000        0x4 fs/misc.o
 .note.GNU-stack
                0x0000000000000000        0x0 fs/misc.o
 .note.gnu.property
                0x0000000000000000       0x1c fs/misc.o
 .group         0x0000000000000000        0x8 fs/read_write.o
 .text.__x86.get_pc_thunk.bx
                0x0000000000000000        0x4 fs/read_write.o
 .note.GNU-stack
                0x0000000000000000        0x0 fs/read_write.o
 .note.gnu.property
                0x0000000000000000       0x1c fs/read_write.o
 .group         0x0000000000000000        0x8 fs/link.o
 .text.__x86.get_pc_thunk.bx
                0x0000000000000000        0x4 fs/link.o
 .note.GNU-stack
                0x0000000000000000        0x0 fs/link.o
 .note.gnu.property
                0x0000000000000000       0x1c fs/link.o
 .group         0x0000000000000000        0x8 fs/disklog.o
 .text.__x86.get_pc_thunk.bx
                0x0000000000000000        0x4 fs/disklog.o
 .note.GNU-stack
                0x0000000000000000        0x0 fs/disklog.o
 .note.gnu.property
                0x0000000000000000       0x1c fs/disklog.o

内存配置

名称           来源             长度             属性
*default*        0x0000000000000000 0xffffffffffffffff

链结器命令稿和内存映射

段 .text 的地址设置为 0x1000
LOAD kernel/kernel.o
LOAD lib/syscall.o
LOAD kernel/start.o
LOAD kernel/main.o
LOAD kernel/clock.o
LOAD kernel/keyboard.o
LOAD kernel/tty.o
LOAD kernel/console.o
LOAD kernel/i8259.o
LOAD kernel/global.o
LOAD kernel/protect.o
LOAD kernel/proc.o
LOAD kernel/systask.o
LOAD kernel/hd.o
LOAD kernel/game/fivechess.o
LOAD kernel/game/mine.o
LOAD kernel/game/pushbox.o
LOAD kernel/game/2048.o
LOAD kernel/game/tictactoe.o
LOAD kernel/game/colorball.o
LOAD kernel/game/draughts.o
LOAD kernel/application/math.o
LOAD kernel/application/calendar.o
LOAD kernel/application/processmanager.o
LOAD kernel/application/systemguide.o
LOAD lib/printf.o
LOAD lib/vsprintf.o
LOAD lib/kliba.o
LOAD lib/klib.o
LOAD lib/string.o
LOAD lib/misc.o
LOAD lib/open.o
LOAD lib/read.o
LOAD lib/write.o
LOAD lib/close.o
LOAD lib/unlink.o
LOAD lib/getpid.o
LOAD lib/syslog.o
LOAD fs/main.o
LOAD fs/open.o
LOAD fs/misc.o
LOAD fs/read_write.o
LOAD fs/link.o
LOAD fs/disklog.o
                [!provide]                        PROVIDE (__executable_start = SEGMENT_START ("text-segment", 0x8048000))
                0x00000000080480d4                . = (SEGMENT_START ("text-segment", 0x8048000) + SIZEOF_HEADERS)

.interp
 *(.interp)

.note.gnu.build-id
 *(.note.gnu.build-id)

.hash
 *(.hash)

.gnu.hash
 *(.gnu.hash)

.dynsym
 *(.dynsym)

.dynstr
 *(.dynstr)

.gnu.version
 *(.gnu.version)

.gnu.version_d
 *(.gnu.version_d)

.gnu.version_r
 *(.gnu.version_r)

.rel.dyn        0x00000000080480d4        0x0
 *(.rel.init)
 *(.rel.text .rel.text.* .rel.gnu.linkonce.t.*)
 .rel.text      0x00000000080480d4        0x0 kernel/kernel.o
 *(.rel.fini)
 *(.rel.rodata .rel.rodata.* .rel.gnu.linkonce.r.*)
 *(.rel.data.rel.ro .rel.data.rel.ro.* .rel.gnu.linkonce.d.rel.ro.*)
 *(.rel.data .rel.data.* .rel.gnu.linkonce.d.*)
 *(.rel.tdata .rel.tdata.* .rel.gnu.linkonce.td.*)
 *(.rel.tbss .rel.tbss.* .rel.gnu.linkonce.tb.*)
 *(.rel.ctors)
 *(.rel.dtors)
 *(.rel.got)
 .rel.got       0x00000000080480d4        0x0 kernel/kernel.o
 *(.rel.bss .rel.bss.* .rel.gnu.linkonce.b.*)
 *(.rel.ifunc)

.rel.plt        0x00000000080480d4        0x0
 *(.rel.plt)
                [!provide]                        PROVIDE (__rel_iplt_start = .)
 *(.rel.iplt)
 .rel.iplt      0x00000000080480d4        0x0 kernel/kernel.o
                [!provide]                        PROVIDE (__rel_iplt_end = .)
                0x0000000008049000                . = ALIGN (CONSTANT (MAXPAGESIZE))

.init
 *(SORT_NONE(.init))

.plt            0x0000000008049000        0x0
 *(.plt)
 *(.iplt)
 .iplt          0x0000000008049000        0x0 kernel/kernel.o

.plt.got
 *(.plt.got)

.plt.sec
 *(.plt.sec)

.text           0x0000000000001000    0x1b9ec
 *(.text.unlikely .text.*_unlikely .text.unlikely.*)
 *(.text.exit .text.exit.*)
 *(.text.startup .text.startup.*)
 *(.text.hot .text.hot.*)
 *(SORT_BY_NAME(.text.sorted.*))
 *(.text .stub .text.* .gnu.linkonce.t.*)
 .text          0x0000000000001000      0x410 kernel/kernel.o
                0x0000000000001000                _start
                0x0000000000001040                hwint00
                0x0000000000001070                hwint01
                0x00000000000010a0                hwint02
                0x00000000000010d0                hwint03
                0x0000000000001100                hwint04
                0x0000000000001130                hwint05
                0x0000000000001160                hwint06
                0x0000000000001190                hwint07
                0x00000000000011c0                hwint08
                0x00000000000011f0                hwint09
                0x0000000000001220                hwint10
                0x0000000000001250                hwint11
                0x0000000000001280                hwint12
                0x00000000000012b0                hwint13
                0x00000000000012e0                hwint14
                0x0000000000001310                hwint15
                0x0000000000001334                divide_error
                0x000000000000133a                single_step_exception
                0x0000000000001340                nmi
                0x0000000000001346                breakpoint_exception
                0x000000000000134c                overflow
                0x0000000000001352                bounds_check
                0x0000000000001358                inval_opcode
                0x000000000000135e                copr_not_available
                0x0000000000001364                double_fault
                0x0000000000001368                copr_seg_overrun
                0x000000000000136e                inval_tss
                0x0000000000001372                segment_not_present
                0x0000000000001376                stack_exception
                0x000000000000137a                general_protection
                0x000000000000137e                page_fault
                0x0000000000001382                copr_error
                0x00000000000013cb                sys_call
                0x00000000000013eb                restart
 .text          0x0000000000001410       0x28 lib/syscall.o
                0x0000000000001410                sendrec
                0x000000000000142a                printx
 .text          0x0000000000001438       0xc7 kernel/start.o
                0x0000000000001438                cstart
 .text.__x86.get_pc_thunk.bx
                0x00000000000014ff        0x4 kernel/start.o
                0x00000000000014ff                __x86.get_pc_thunk.bx
 .text          0x0000000000001503     0x57ee kernel/main.o
                0x0000000000001503                runFileManage
                0x0000000000001da5                initFileBlock
                0x0000000000001e3c                toStr3
                0x0000000000001f20                WriteDisk
                0x000000000000235e                toInt
                0x00000000000023b5                ReadDisk
                0x00000000000026dd                FSInit
                0x00000000000027d2                CreateFIle
                0x00000000000029be                showFileList
                0x0000000000002b3c                SearchFile
                0x0000000000002be3                ReturnFile
                0x0000000000002c10                DeleteFile
                0x0000000000002d9c                ShowMessage
                0x0000000000002f32                kernel_main
                0x00000000000031ec                get_ticks
                0x0000000000003233                TestA
                0x0000000000003713                TestB
                0x0000000000004075                TestC
                0x00000000000040a4                TestD
                0x00000000000040d3                TestE
                0x0000000000004102                panic
                0x0000000000004160                clear
                0x00000000000041ec                mystrncpy
                0x0000000000004281                Booting
                0x00000000000042a7                emptyWindow
                0x0000000000004488                gradualStart
                0x00000000000059fa                Loading
                0x0000000000005a5e                CommandList
                0x0000000000005c06                NotFound
                0x0000000000005dae                manMain
                0x0000000000006b35                gameMain
 .text.__x86.get_pc_thunk.ax
                0x0000000000006cf1        0x4 kernel/main.o
                0x0000000000006cf1                __x86.get_pc_thunk.ax
 .text          0x0000000000006cf5      0x1e3 kernel/clock.o
                0x0000000000006cf5                clock_handler
                0x0000000000006e2c                milli_delay
                0x0000000000006e6b                init_clock
 .text          0x0000000000006ed8      0x7bc kernel/keyboard.o
                0x0000000000006ed8                keyboard_handler
                0x0000000000006f61                init_keyboard
                0x000000000000702f                keyboard_read
 .text          0x0000000000007694      0xaf0 kernel/tty.o
                0x0000000000007694                task_tty
                0x000000000000788a                in_process
                0x0000000000007e20                sys_printx
                0x0000000000007fee                dump_tty_buf
 .text          0x0000000000008184      0x8ad kernel/console.o
                0x0000000000008184                init_screen
                0x0000000000008312                out_char
                0x00000000000085d4                clear_screen
                0x000000000000861d                is_current_console
                0x0000000000008654                set_cursor
                0x00000000000086cf                set_video_start_addr
                0x000000000000874a                select_console
                0x00000000000087a1                scroll_screen
                0x00000000000089a0                flush
 .text.__x86.get_pc_thunk.dx
                0x0000000000008a31        0x4 kernel/console.o
                0x0000000000008a31                __x86.get_pc_thunk.dx
 .text.__x86.get_pc_thunk.cx
                0x0000000000008a35        0x4 kernel/console.o
                0x0000000000008a35                __x86.get_pc_thunk.cx
 .text          0x0000000000008a39      0x174 kernel/i8259.o
                0x0000000000008a39                init_8259A
                0x0000000000008b26                spurious_irq
                0x0000000000008b74                put_irq_handler
 .text          0x0000000000008bad        0x0 kernel/global.o
 .text          0x0000000000008bad      0x6d7 kernel/protect.o
                0x0000000000008bad                init_prot
                0x000000000000904e                seg2phys
                0x0000000000009129                exception_handler
 .text          0x0000000000009284     0x1aa3 kernel/proc.o
                0x0000000000009284                schedule
                0x000000000000933d                sys_sendrec
                0x000000000000948a                send_recv
                0x0000000000009562                ldt_seg_linear
                0x00000000000095ba                va2la
                0x0000000000009637                reset_msg
                0x000000000000a68b                inform_int
                0x000000000000a848                dump_proc
                0x000000000000abf2                dump_msg
 .text          0x000000000000ad27       0x9a kernel/systask.o
                0x000000000000ad27                task_sys
 .text          0x000000000000adc1      0xfde kernel/hd.o
                0x000000000000adc1                task_hd
                0x000000000000bd60                hd_handler
 .text          0x000000000000bd9f      0xc35 kernel/game/fivechess.o
                0x000000000000bd9f                init
                0x000000000000be17                check
                0x000000000000bef0                PrintChessBoard
                0x000000000000bffb                JudgeValue
                0x000000000000c060                user
                0x000000000000c1a6                computerAI
                0x000000000000c77c                fiveChess
 .text          0x000000000000c9d4      0x7d9 kernel/game/mine.o
                0x000000000000c9d4                sl_init
                0x000000000000ca64                sl_set_mine
                0x000000000000cadc                sl_display
                0x000000000000cc78                sl_get_num
                0x000000000000cdfc                sl_sweep
                0x000000000000d066                runMine
 .text          0x000000000000d1ad     0x1e5b kernel/game/pushbox.o
                0x000000000000d1ad                draw_map
                0x000000000000d2db                boxMenu
                0x000000000000d43b                Runpushbox
 .text          0x000000000000f008      0xf66 kernel/game/2048.o
                0x000000000000f008                Run2048
 .text          0x000000000000ff6e     0x1239 kernel/game/tictactoe.o
                0x000000000000ff6e                chessMenu
                0x00000000000100ce                Init
                0x0000000000010144                Printchessboard
                0x000000000001021c                IsWin
                0x00000000000103e7                e_fun
                0x0000000000010833                AutoDone
                0x0000000000010f08                UserInput
                0x0000000000011052                TicTacToe
 .text          0x00000000000111a7     0x199b kernel/game/colorball.o
                0x00000000000111a7                enQueue
                0x000000000001125d                empty
                0x00000000000112a3                MAP
                0x0000000000011407                randomin
                0x00000000000115a0                judge
                0x0000000000011c10                zhudelete
                0x0000000000011c56                move
                0x0000000000011d67                coutmap
                0x0000000000011f17                coutscore
                0x0000000000011f4f                readnumber
                0x0000000000011f6a                findpath
                0x0000000000012215                iffine
                0x00000000000122b9                colorBall
 .text          0x0000000000012b42     0x1fe6 kernel/game/draughts.o
                0x0000000000012b42                turn
                0x0000000000012c23                runDraghts
                0x00000000000130b1                initAI
                0x00000000000130dd                start
                0x00000000000131cd                printBoard
                0x0000000000013605                place
                0x000000000001380e                rotateCommand
                0x0000000000013886                replace
                0x0000000000013934                remember
                0x0000000000013bb6                isInBound
                0x0000000000013bed                tryToJump
                0x0000000000013e20                eneTryToJump
                0x0000000000014067                valueCase
                0x000000000001417a                tryToMove
                0x0000000000014242                myTryToMove
                0x000000000001430a                eneTryToMove
                0x00000000000143ec                enemyTry
                0x000000000001466e                myTry
                0x00000000000148fa                aiTurn
 .text          0x0000000000014b28      0xd76 kernel/application/math.o
                0x0000000000014b28                mathMain
                0x0000000000014c86                isempty_bucket_stack
                0x0000000000014ca8                bucket_stack_push
                0x0000000000014ce5                bucket_stack_pop
                0x0000000000014d35                bucket_stack_clear
                0x0000000000014d71                isempty_num_stack
                0x0000000000014d93                num_stack_push
                0x0000000000014dc6                num_stack_pop
                0x0000000000014e25                num_stack_clear
                0x0000000000014e64                isempty_op_stack
                0x0000000000014e86                op_stack_push
                0x0000000000014ec3                op_stack_pop
                0x0000000000014f21                op_stack_top
                0x0000000000014f55                op_stack_clear
                0x0000000000014f91                isp
                0x0000000000014feb                icp
                0x0000000000015045                isOperator
                0x0000000000015097                isDigit
                0x00000000000150cb                isNum
                0x000000000001514e                addTail
                0x00000000000151a3                NextContent
                0x00000000000152f4                Cal
                0x000000000001535e                calResult
                0x000000000001540f                calculate
                0x0000000000015750                check_exp_bucket
                0x00000000000157eb                check_exp_notion
 .text          0x000000000001589e     0x120b kernel/application/calendar.o
                0x000000000001589e                leapYear
                0x0000000000015910                monthDay
                0x000000000001599b                countDay
                0x00000000000159ee                Weekday
                0x0000000000015aa0                festival
                0x0000000000015cf7                printWeek
                0x0000000000015dce                printMonth
                0x00000000000160db                printDay
                0x000000000001615b                calendar
 .text          0x0000000000016aa9      0x880 kernel/application/processmanager.o
                0x0000000000016aa9                runProcessManage
                0x0000000000016d99                showPs
                0x0000000000016f1b                showHelp
                0x00000000000170b1                killProcess
                0x00000000000171a5                startProcess
                0x000000000001725f                release
 .text          0x0000000000017329      0x6dd kernel/application/systemguide.o
                0x0000000000017329                runGame
                0x0000000000017530                runApp
                0x0000000000017745                systemUsage
                0x00000000000177ef                runSystemGuide
 .text          0x0000000000017a06       0xd9 lib/printf.o
                0x0000000000017a06                printf
                0x0000000000017a8a                printl
 .text          0x0000000000017adf      0x340 lib/vsprintf.o
                0x0000000000017b53                vsprintf
                0x0000000000017deb                sprintf
 *fill*         0x0000000000017e1f        0x1 
 .text          0x0000000000017e20      0x19a lib/kliba.o
                0x0000000000017e20                disp_str
                0x0000000000017e5e                disp_color_str
                0x0000000000017e9d                out_byte
                0x0000000000017ea9                in_byte
                0x0000000000017eb3                port_read
                0x0000000000017ec6                port_write
                0x0000000000017ed9                disable_irq
                0x0000000000017f0e                enable_irq
                0x0000000000017f2d                disable_int
                0x0000000000017f2f                enable_int
                0x0000000000017f31                glitter
 .text          0x0000000000017fba      0x3a4 lib/klib.o
                0x0000000000017fba                itoa
                0x0000000000018073                itoaDec
                0x0000000000018206                atoi
                0x00000000000182ce                disp_int
                0x0000000000018308                delay
 *fill*         0x000000000001835e        0x2 
 .text          0x0000000000018360       0x78 lib/string.o
                0x0000000000018360                memcpy
                0x0000000000018389                memset
                0x00000000000183aa                strcpy
                0x00000000000183c2                strlen
 .text          0x00000000000183d8      0x1e8 lib/misc.o
                0x00000000000183d8                memcmp
                0x0000000000018458                strcmp
                0x00000000000184d5                strcat
                0x0000000000018542                spin
                0x0000000000018570                assertion_failure
 .text          0x00000000000185c0       0x7c lib/open.o
                0x00000000000185c0                open
 .text          0x000000000001863c       0x4b lib/read.o
                0x000000000001863c                read
 .text          0x0000000000018687       0x4b lib/write.o
                0x0000000000018687                write
 .text          0x00000000000186d2       0x3f lib/close.o
                0x00000000000186d2                close
 .text          0x0000000000018711       0x4f lib/unlink.o
                0x0000000000018711                unlink
 .text          0x0000000000018760       0x5f lib/getpid.o
                0x0000000000018760                getpid
 .text          0x00000000000187bf       0xec lib/syslog.o
                0x00000000000187bf                syslog
 .text          0x00000000000188ab      0xf33 fs/main.o
                0x00000000000188ab                task_fs
                0x0000000000019226                rw_sector
                0x0000000000019483                get_super_block
                0x00000000000194e9                get_inode
                0x000000000001966f                put_inode
                0x00000000000196c7                sync_inode
 .text          0x00000000000197de      0xbdf fs/open.o
                0x00000000000197de                do_open
                0x0000000000019cac                do_close
                0x0000000000019d28                do_lseek
 .text          0x000000000001a3bd      0x20a fs/misc.o
                0x000000000001a3bd                search_file
                0x000000000001a52a                strip_path
 .text          0x000000000001a5c7      0x552 fs/read_write.o
                0x000000000001a5c7                do_rdwt
 .text          0x000000000001ab19      0x891 fs/link.o
                0x000000000001ab19                do_unlink
 .text          0x000000000001b3aa     0x1642 fs/disklog.o
                0x000000000001b3aa                do_disklog
                0x000000000001b468                disklog
                0x000000000001b9a7                dump_fd_graph
 *(.gnu.warning)

.fini
 *(SORT_NONE(.fini))
                [!provide]                        PROVIDE (__etext = .)
                [!provide]                        PROVIDE (_etext = .)
                [!provide]                        PROVIDE (etext = .)
                0x000000000001d000                . = ALIGN (CONSTANT (MAXPAGESIZE))
                0x000000000001d000                . = SEGMENT_START ("rodata-segment", (ALIGN (CONSTANT (MAXPAGESIZE)) + (. & (CONSTANT (MAXPAGESIZE) - 0x1))))

.rodata         0x000000000001d000     0x8a0f
 *(.rodata .rodata.* .gnu.linkonce.r.*)
 .rodata        0x000000000001d000       0x47 kernel/start.o
 *fill*         0x000000000001d047        0x1 
 .rodata        0x000000000001d048     0x41b0 kernel/main.o
 .rodata        0x00000000000211f8       0x64 kernel/keyboard.o
 .rodata        0x000000000002125c      0x13c kernel/tty.o
 .rodata        0x0000000000021398       0x5b kernel/console.o
 .rodata        0x00000000000213f3       0x11 kernel/i8259.o
 .rodata        0x0000000000021404        0x4 kernel/global.o
                0x0000000000021404                FSBUF_SIZE
 *fill*         0x0000000000021408       0x18 
 .rodata        0x0000000000021420      0x540 kernel/protect.o
 .rodata        0x0000000000021960      0x62e kernel/proc.o
 .rodata        0x0000000000021f8e       0x11 kernel/systask.o
 *fill*         0x0000000000021f9f        0x1 
 .rodata        0x0000000000021fa0      0x1a6 kernel/hd.o
 *fill*         0x0000000000022146        0x2 
 .rodata        0x0000000000022148      0x116 kernel/game/fivechess.o
                0x0000000000022148                ChessBoard
                0x0000000000022149                flag1
                0x000000000002214a                flag2
 *fill*         0x000000000002225e        0x2 
 .rodata        0x0000000000022260      0x18b kernel/game/mine.o
 *fill*         0x00000000000223eb       0x15 
 .rodata        0x0000000000022400      0x72c kernel/game/pushbox.o
 .rodata        0x0000000000022b2c      0x2ce kernel/game/2048.o
 *fill*         0x0000000000022dfa        0x2 
 .rodata        0x0000000000022dfc      0x68b kernel/game/tictactoe.o
                0x0000000000022dfc                NO_BLANK
                0x0000000000022e00                TREE_DEPTH
                0x0000000000022e04                NIL
 *fill*         0x0000000000023487        0x1 
 .rodata        0x0000000000023488      0x242 kernel/game/colorball.o
 *fill*         0x00000000000236ca        0x2 
 .rodata        0x00000000000236cc      0x144 kernel/game/draughts.o
 .rodata        0x0000000000023810      0x1a7 kernel/application/math.o
 *fill*         0x00000000000239b7        0x9 
 .rodata        0x00000000000239c0      0x586 kernel/application/calendar.o
 *fill*         0x0000000000023f46        0x2 
 .rodata        0x0000000000023f48      0x9ac kernel/application/processmanager.o
 .rodata        0x00000000000248f4      0x3bf kernel/application/systemguide.o
 .rodata        0x0000000000024cb3       0x14 lib/printf.o
 *fill*         0x0000000000024cc7        0x1 
 .rodata        0x0000000000024cc8       0x61 lib/misc.o
 .rodata        0x0000000000024d29       0x23 lib/open.o
 .rodata        0x0000000000024d4c       0x25 lib/getpid.o
 .rodata        0x0000000000024d71       0x32 lib/syslog.o
 *fill*         0x0000000000024da3        0x1 
 .rodata        0x0000000000024da4      0x206 fs/main.o
 *fill*         0x0000000000024faa        0x2 
 .rodata        0x0000000000024fac      0x138 fs/open.o
 .rodata        0x00000000000250e4      0x164 fs/read_write.o
 .rodata        0x0000000000025248      0x19d fs/link.o
 *fill*         0x00000000000253e5        0x3 
 .rodata        0x00000000000253e8      0x627 fs/disklog.o

.rodata1
 *(.rodata1)

.eh_frame_hdr
 *(.eh_frame_hdr)
 *(.eh_frame_entry .eh_frame_entry.*)

.eh_frame       0x0000000000025a10     0x25f4
 *(.eh_frame)
 .eh_frame      0x0000000000025a10       0x50 kernel/start.o
 .eh_frame      0x0000000000025a60      0x464 kernel/main.o
                                        0x490 (松开之前的大小)
 .eh_frame      0x0000000000025ec4       0x6c kernel/clock.o
                                         0x98 (松开之前的大小)
 .eh_frame      0x0000000000025f30       0xfc kernel/keyboard.o
                                        0x128 (松开之前的大小)
 .eh_frame      0x000000000002602c      0x15c kernel/tty.o
                                        0x19c (松开之前的大小)
 .eh_frame      0x0000000000026188      0x180 kernel/console.o
                                        0x1c0 (松开之前的大小)
 .eh_frame      0x0000000000026308       0x6c kernel/i8259.o
                                         0x98 (松开之前的大小)
 .eh_frame      0x0000000000026374       0xb8 kernel/protect.o
                                         0xf8 (松开之前的大小)
 .eh_frame      0x000000000002642c      0x20c kernel/proc.o
                                        0x260 (松开之前的大小)
 .eh_frame      0x0000000000026638       0x1c kernel/systask.o
                                         0x48 (松开之前的大小)
 .eh_frame      0x0000000000026654      0x22c kernel/hd.o
                                        0x26c (松开之前的大小)
 .eh_frame      0x0000000000026880       0xfc kernel/game/fivechess.o
                                        0x150 (松开之前的大小)
 .eh_frame      0x000000000002697c       0xdc kernel/game/mine.o
                                        0x130 (松开之前的大小)
 .eh_frame      0x0000000000026a58       0x78 kernel/game/pushbox.o
                                         0xa4 (松开之前的大小)
 .eh_frame      0x0000000000026ad0      0x1e8 kernel/game/2048.o
                                        0x228 (松开之前的大小)
 .eh_frame      0x0000000000026cb8      0x14c kernel/game/tictactoe.o
                                        0x1a0 (松开之前的大小)
 .eh_frame      0x0000000000026e04      0x204 kernel/game/colorball.o
                                        0x258 (松开之前的大小)
 .eh_frame      0x0000000000027008      0x308 kernel/game/draughts.o
                                        0x35c (松开之前的大小)
 .eh_frame      0x0000000000027310      0x390 kernel/application/math.o
                                        0x3d0 (松开之前的大小)
 .eh_frame      0x00000000000276a0      0x144 kernel/application/calendar.o
                                        0x184 (松开之前的大小)
 .eh_frame      0x00000000000277e4       0xd8 kernel/application/processmanager.o
                                        0x104 (松开之前的大小)
 .eh_frame      0x00000000000278bc       0x90 kernel/application/systemguide.o
                                         0xbc (松开之前的大小)
 .eh_frame      0x000000000002794c       0x48 lib/printf.o
                                         0x74 (松开之前的大小)
 .eh_frame      0x0000000000027994       0x68 lib/vsprintf.o
                                         0xa8 (松开之前的大小)
 .eh_frame      0x00000000000279fc       0xac lib/klib.o
                                         0xec (松开之前的大小)
 .eh_frame      0x0000000000027aa8       0xa0 lib/misc.o
                                         0xe0 (松开之前的大小)
 .eh_frame      0x0000000000027b48       0x24 lib/open.o
                                         0x50 (松开之前的大小)
 .eh_frame      0x0000000000027b6c       0x24 lib/read.o
                                         0x50 (松开之前的大小)
 .eh_frame      0x0000000000027b90       0x24 lib/write.o
                                         0x50 (松开之前的大小)
 .eh_frame      0x0000000000027bb4       0x24 lib/close.o
                                         0x50 (松开之前的大小)
 .eh_frame      0x0000000000027bd8       0x24 lib/unlink.o
                                         0x50 (松开之前的大小)
 .eh_frame      0x0000000000027bfc       0x24 lib/getpid.o
                                         0x50 (松开之前的大小)
 .eh_frame      0x0000000000027c20       0x24 lib/syslog.o
                                         0x50 (松开之前的大小)
 .eh_frame      0x0000000000027c44      0x150 fs/main.o
                                        0x190 (松开之前的大小)
 .eh_frame      0x0000000000027d94      0x13c fs/open.o
                                        0x17c (松开之前的大小)
 .eh_frame      0x0000000000027ed0       0x50 fs/misc.o
                                         0x90 (松开之前的大小)
 .eh_frame      0x0000000000027f20       0x30 fs/read_write.o
                                         0x5c (松开之前的大小)
 .eh_frame      0x0000000000027f50       0x30 fs/link.o
                                         0x5c (松开之前的大小)
 .eh_frame      0x0000000000027f80       0x84 fs/disklog.o
                                         0xb0 (松开之前的大小)
 *(.eh_frame.*)

.gcc_except_table
 *(.gcc_except_table .gcc_except_table.*)

.gnu_extab
 *(.gnu_extab*)

.exception_ranges
 *(.exception_ranges*)
                0x000000000002a000                . = DATA_SEGMENT_ALIGN (CONSTANT (MAXPAGESIZE), CONSTANT (COMMONPAGESIZE))

.eh_frame
 *(.eh_frame)
 *(.eh_frame.*)

.gnu_extab
 *(.gnu_extab)

.gcc_except_table
 *(.gcc_except_table .gcc_except_table.*)

.exception_ranges
 *(.exception_ranges*)

.tdata          0x000000000002a000        0x0
                [!provide]                        PROVIDE (__tdata_start = .)
 *(.tdata .tdata.* .gnu.linkonce.td.*)

.tbss
 *(.tbss .tbss.* .gnu.linkonce.tb.*)
 *(.tcommon)

.preinit_array  0x000000000002a000        0x0
                [!provide]                        PROVIDE (__preinit_array_start = .)
 *(.preinit_array)
                [!provide]                        PROVIDE (__preinit_array_end = .)

.init_array     0x000000000002a000        0x0
                [!provide]                        PROVIDE (__init_array_start = .)
 *(SORT_BY_INIT_PRIORITY(.init_array.*) SORT_BY_INIT_PRIORITY(.ctors.*))
 *(.init_array EXCLUDE_FILE(*crtend?.o *crtend.o *crtbegin?.o *crtbegin.o) .ctors)
                [!provide]                        PROVIDE (__init_array_end = .)

.fini_array     0x000000000002a000        0x0
                [!provide]                        PROVIDE (__fini_array_start = .)
 *(SORT_BY_INIT_PRIORITY(.fini_array.*) SORT_BY_INIT_PRIORITY(.dtors.*))
 *(.fini_array EXCLUDE_FILE(*crtend?.o *crtend.o *crtbegin?.o *crtbegin.o) .dtors)
                [!provide]                        PROVIDE (__fini_array_end = .)

.ctors
 *crtbegin.o(.ctors)
 *crtbegin?.o(.ctors)
 *(EXCLUDE_FILE(*crtend?.o *crtend.o) .ctors)
 *(SORT_BY_NAME(.ctors.*))
 *(.ctors)

.dtors
 *crtbegin.o(.dtors)
 *crtbegin?.o(.dtors)
 *(EXCLUDE_FILE(*crtend?.o *crtend.o) .dtors)
 *(SORT_BY_NAME(.dtors.*))
 *(.dtors)

.jcr
 *(.jcr)

.data.rel.ro
 *(.data.rel.ro.local* .gnu.linkonce.d.rel.ro.local.*)
 *(.data.rel.ro .data.rel.ro.* .gnu.linkonce.d.rel.ro.*)

.dynamic
 *(.dynamic)

.got            0x000000000002a000        0x0
 *(.got)
 .got           0x000000000002a000        0x0 kernel/kernel.o
 *(.igot)
                0x000000000002aff4                . = DATA_SEGMENT_RELRO_END (., (SIZEOF (.got.plt) >= 0xc)?0xc:0x0)

.got.plt        0x000000000002a000        0xc
 *(.got.plt)
 .got.plt       0x000000000002a000        0xc kernel/kernel.o
                0x000000000002a000                _GLOBAL_OFFSET_TABLE_
 *(.igot.plt)
 .igot.plt      0x000000000002a00c        0x0 kernel/kernel.o

.data           0x000000000002a020      0xe08
 *(.data .data.* .gnu.linkonce.d.*)
 .data          0x000000000002a020        0x2 kernel/kernel.o
 .data          0x000000000002a022        0x0 kernel/start.o
 .data          0x000000000002a022        0x0 kernel/main.o
 .data          0x000000000002a022        0x0 kernel/clock.o
 *fill*         0x000000000002a022       0x1e 
 .data          0x000000000002a040      0x600 kernel/keyboard.o
                0x000000000002a040                keymap
 .data          0x000000000002a640       0x22 kernel/tty.o
 .data          0x000000000002a662        0x0 kernel/console.o
 .data          0x000000000002a662        0x0 kernel/i8259.o
 *fill*         0x000000000002a662        0x2 
 .data          0x000000000002a664       0x1c kernel/global.o
                0x000000000002a664                dd_map
                0x000000000002a67c                fsbuf
 .data.rel      0x000000000002a680      0x174 kernel/global.o
                0x000000000002a680                task_table
                0x000000000002a720                user_proc_table
                0x000000000002a7e8                sys_call_table
 .data          0x000000000002a7f4        0x0 kernel/protect.o
 .data          0x000000000002a7f4        0x0 kernel/proc.o
 .data          0x000000000002a7f4        0x0 kernel/systask.o
 .data          0x000000000002a7f4        0x0 kernel/hd.o
 *fill*         0x000000000002a7f4        0xc 
 .data          0x000000000002a800       0x40 kernel/game/fivechess.o
                0x000000000002a800                N
                0x000000000002a804                me
                0x000000000002a820                mode
 .data          0x000000000002a840        0x0 kernel/game/mine.o
 .data          0x000000000002a840        0x0 kernel/game/pushbox.o
 .data          0x000000000002a840        0x0 kernel/game/2048.o
 .data          0x000000000002a840        0x0 kernel/game/tictactoe.o
 .data          0x000000000002a840      0x288 kernel/game/colorball.o
                0x000000000002a840                seed
 *fill*         0x000000000002aac8       0x18 
 .data          0x000000000002aae0      0x33c kernel/game/draughts.o
                0x000000000002aae0                moveDir
                0x000000000002ab00                jumpDir
                0x000000000002ab20                moveCmd
                0x000000000002aba0                longestJumpCmd
                0x000000000002ac20                longestEneCmd
                0x000000000002aca0                longestMyCmd
                0x000000000002ad20                eneMoveCmd
                0x000000000002ada0                myMoveCmd
 .data          0x000000000002ae1c        0xc kernel/application/math.o
                0x000000000002ae1c                bucket_stack_index
                0x000000000002ae20                num_stack_index
                0x000000000002ae24                op_stack_index
 .data          0x000000000002ae28        0x0 kernel/application/calendar.o
 .data          0x000000000002ae28        0x0 kernel/application/processmanager.o
 .data          0x000000000002ae28        0x0 kernel/application/systemguide.o
 .data          0x000000000002ae28        0x0 lib/printf.o
 .data          0x000000000002ae28        0x0 lib/vsprintf.o
 .data          0x000000000002ae28        0x0 lib/klib.o
 .data          0x000000000002ae28        0x0 lib/misc.o
 .data          0x000000000002ae28        0x0 lib/open.o
 .data          0x000000000002ae28        0x0 lib/read.o
 .data          0x000000000002ae28        0x0 lib/write.o
 .data          0x000000000002ae28        0x0 lib/close.o
 .data          0x000000000002ae28        0x0 lib/unlink.o
 .data          0x000000000002ae28        0x0 lib/getpid.o
 .data          0x000000000002ae28        0x0 lib/syslog.o
 .data          0x000000000002ae28        0x0 fs/main.o
 .data          0x000000000002ae28        0x0 fs/open.o
 .data          0x000000000002ae28        0x0 fs/misc.o
 .data          0x000000000002ae28        0x0 fs/read_write.o
 .data          0x000000000002ae28        0x0 fs/link.o
 .data          0x000000000002ae28        0x0 fs/disklog.o

.data1
 *(.data1)
                0x000000000002ae28                _edata = .
                [!provide]                        PROVIDE (edata = .)
                0x000000000002ae28                . = .
                0x000000000002ae28                __bss_start = .

.bss            0x000000000002ae40    0x666ec
 *(.dynbss)
 *(.bss .bss.* .gnu.linkonce.b.*)
 .bss           0x000000000002ae40      0x800 kernel/kernel.o
 .bss           0x000000000002b640        0x0 kernel/start.o
 .bss           0x000000000002b640        0x8 kernel/main.o
                0x000000000002b640                fileIDCount
                0x000000000002b644                currentFileID
 .bss           0x000000000002b648        0x0 kernel/clock.o
 *fill*         0x000000000002b648       0x18 
 .bss           0x000000000002b660       0x58 kernel/keyboard.o
 .bss           0x000000000002b6b8        0x0 kernel/tty.o
 .bss           0x000000000002b6b8        0x0 kernel/console.o
 .bss           0x000000000002b6b8        0x0 kernel/i8259.o
 .bss           0x000000000002b6b8        0x0 kernel/global.o
 .bss           0x000000000002b6b8        0x0 kernel/protect.o
 .bss           0x000000000002b6b8        0x0 kernel/proc.o
 .bss           0x000000000002b6b8        0x0 kernel/systask.o
 *fill*         0x000000000002b6b8        0x8 
 .bss           0x000000000002b6c0      0x64c kernel/hd.o
 *fill*         0x000000000002bd0c       0x14 
 .bss           0x000000000002bd20      0x101 kernel/game/fivechess.o
                0x000000000002bd20                over
                0x000000000002bd40                box
 .bss           0x000000000002be21        0x0 kernel/game/mine.o
 *fill*         0x000000000002be21        0x3 
 .bss           0x000000000002be24        0x8 kernel/game/pushbox.o
                0x000000000002be24                pi
                0x000000000002be28                pj
 *fill*         0x000000000002be2c       0x14 
 .bss           0x000000000002be40     0x1054 kernel/game/2048.o
 .bss           0x000000000002ce94        0x4 kernel/game/tictactoe.o
 .bss           0x000000000002ce98        0x4 kernel/game/colorball.o
                0x000000000002ce98                loop
 *fill*         0x000000000002ce9c        0x4 
 .bss           0x000000000002cea0       0xdc kernel/game/draughts.o
                0x000000000002cea0                board
                0x000000000002cee0                myFlag
                0x000000000002cf00                jumpCmd
 *fill*         0x000000000002cf7c        0x4 
 .bss           0x000000000002cf80      0x288 kernel/application/math.o
                0x000000000002cf80                bucket_stack
                0x000000000002d000                num_stack
                0x000000000002d1a0                op_stack
                0x000000000002d204                _current
 .bss           0x000000000002d208        0x0 kernel/application/calendar.o
 .bss           0x000000000002d208        0x0 kernel/application/processmanager.o
 .bss           0x000000000002d208        0x0 kernel/application/systemguide.o
 .bss           0x000000000002d208        0x0 lib/printf.o
 .bss           0x000000000002d208        0x0 lib/vsprintf.o
 .bss           0x000000000002d208        0x0 lib/klib.o
 .bss           0x000000000002d208        0x0 lib/misc.o
 .bss           0x000000000002d208        0x0 lib/open.o
 .bss           0x000000000002d208        0x0 lib/read.o
 .bss           0x000000000002d208        0x0 lib/write.o
 .bss           0x000000000002d208        0x0 lib/close.o
 .bss           0x000000000002d208        0x0 lib/unlink.o
 .bss           0x000000000002d208        0x0 lib/getpid.o
 .bss           0x000000000002d208        0x0 lib/syslog.o
 .bss           0x000000000002d208        0x0 fs/main.o
 .bss           0x000000000002d208        0x0 fs/open.o
 .bss           0x000000000002d208        0x0 fs/misc.o
 .bss           0x000000000002d208        0x0 fs/read_write.o
 .bss           0x000000000002d208        0x0 fs/link.o
 *fill*         0x000000000002d208       0x18 
 .bss           0x000000000002d220      0x208 fs/disklog.o
 *(COMMON)
 *fill*         0x000000000002d428       0x18 
 COMMON         0x000000000002d440     0x3390 kernel/main.o
                0x000000000002d440                blocks
                0x0000000000030640                IDLog
 *fill*         0x00000000000307d0       0x10 
 COMMON         0x00000000000307e0    0x4bcf8 kernel/global.o
                0x00000000000307e0                idt_ptr
                0x0000000000030800                inode_table
                0x0000000000031300                task_stack
                0x0000000000079300                k_reenter
                0x0000000000079320                gdt
                0x0000000000079720                current_console
                0x0000000000079724                pcaller
                0x0000000000079740                tty_table
                0x000000000007a7e0                tss
                0x000000000007a860                fs_msg
                0x000000000007a8a0                f_desc_table
                0x000000000007aba0                root_inode
                0x000000000007aba4                disp_pos
                0x000000000007aba8                key_pressed
                0x000000000007abac                gdt_ptr
                0x000000000007abc0                idt
                0x000000000007b3c0                super_block
                0x000000000007b5a0                ticks
                0x000000000007b5c0                console_table
                0x000000000007b620                irq_table
                0x000000000007b660                p_proc_ready
                0x000000000007b680                proc_table
 COMMON         0x000000000007c4d8       0x10 kernel/hd.o
                0x000000000007c4d8                PARTITION_ENTRY
 *fill*         0x000000000007c4e8       0x18 
 COMMON         0x000000000007c500       0xf9 kernel/game/mine.o
                0x000000000007c500                show
                0x000000000007c580                mine
 *fill*         0x000000000007c5f9        0x7 
 COMMON         0x000000000007c600       0x3c kernel/game/2048.o
                0x000000000007c600                old_config
 *fill*         0x000000000007c63c        0x4 
 COMMON         0x000000000007c640    0x14860 kernel/game/tictactoe.o
                0x000000000007c640                tmpQP
                0x000000000007c680                States
 COMMON         0x0000000000090ea0      0x684 kernel/game/colorball.o
                0x0000000000090ea0                map
                0x0000000000091280                pp
                0x00000000000913c4                number
                0x00000000000913c8                score
                0x00000000000913e0                mark
 COMMON         0x0000000000091524        0x8 kernel/game/draughts.o
                0x0000000000091524                numMyFlag
                0x0000000000091528                numEneFlag
                0x000000000009152c                . = ALIGN ((. != 0x0)?0x4:0x1)
                0x000000000009152c                . = ALIGN (0x4)
                0x000000000009152c                . = SEGMENT_START ("ldata-segment", .)
                0x000000000009152c                . = ALIGN (0x4)
                0x000000000009152c                _end = .
                [!provide]                        PROVIDE (end = .)
                0x000000000009152c                . = DATA_SEGMENT_END (.)

.stab
 *(.stab)

.stabstr
 *(.stabstr)

.stab.excl
 *(.stab.excl)

.stab.exclstr
 *(.stab.exclstr)

.stab.index
 *(.stab.index)

.stab.indexstr
 *(.stab.indexstr)

.comment        0x0000000000000000       0x2a
 *(.comment)
 .comment       0x0000000000000000       0x2a kernel/start.o
                                         0x2b (松开之前的大小)
 .comment       0x000000000000002a       0x2b kernel/main.o
 .comment       0x000000000000002a       0x2b kernel/clock.o
 .comment       0x000000000000002a       0x2b kernel/keyboard.o
 .comment       0x000000000000002a       0x2b kernel/tty.o
 .comment       0x000000000000002a       0x2b kernel/console.o
 .comment       0x000000000000002a       0x2b kernel/i8259.o
 .comment       0x000000000000002a       0x2b kernel/global.o
 .comment       0x000000000000002a       0x2b kernel/protect.o
 .comment       0x000000000000002a       0x2b kernel/proc.o
 .comment       0x000000000000002a       0x2b kernel/systask.o
 .comment       0x000000000000002a       0x2b kernel/hd.o
 .comment       0x000000000000002a       0x2b kernel/game/fivechess.o
 .comment       0x000000000000002a       0x2b kernel/game/mine.o
 .comment       0x000000000000002a       0x2b kernel/game/pushbox.o
 .comment       0x000000000000002a       0x2b kernel/game/2048.o
 .comment       0x000000000000002a       0x2b kernel/game/tictactoe.o
 .comment       0x000000000000002a       0x2b kernel/game/colorball.o
 .comment       0x000000000000002a       0x2b kernel/game/draughts.o
 .comment       0x000000000000002a       0x2b kernel/application/math.o
 .comment       0x000000000000002a       0x2b kernel/application/calendar.o
 .comment       0x000000000000002a       0x2b kernel/application/processmanager.o
 .comment       0x000000000000002a       0x2b kernel/application/systemguide.o
 .comment       0x000000000000002a       0x2b lib/printf.o
 .comment       0x000000000000002a       0x2b lib/vsprintf.o
 .comment       0x000000000000002a       0x2b lib/klib.o
 .comment       0x000000000000002a       0x2b lib/misc.o
 .comment       0x000000000000002a       0x2b lib/open.o
 .comment       0x000000000000002a       0x2b lib/read.o
 .comment       0x000000000000002a       0x2b lib/write.o
 .comment       0x000000000000002a       0x2b lib/close.o
 .comment       0x000000000000002a       0x2b lib/unlink.o
 .comment       0x000000000000002a       0x2b lib/getpid.o
 .comment       0x000000000000002a       0x2b lib/syslog.o
 .comment       0x000000000000002a       0x2b fs/main.o
 .comment       0x000000000000002a       0x2b fs/open.o
 .comment       0x000000000000002a       0x2b fs/misc.o
 .comment       0x000000000000002a       0x2b fs/read_write.o
 .comment       0x000000000000002a       0x2b fs/link.o
 .comment       0x000000000000002a       0x2b fs/disklog.o

.gnu.build.attributes
 *(.gnu.build.attributes .gnu.build.attributes.*)

.debug
 *(.debug)

.line
 *(.line)

.debug_srcinfo
 *(.debug_srcinfo)

.debug_sfnames
 *(.debug_sfnames)

.debug_aranges
 *(.debug_aranges)

.debug_pubnames
 *(.debug_pubnames)

.debug_info
 *(.debug_info .gnu.linkonce.wi.*)

.debug_abbrev
 *(.debug_abbrev)

.debug_line
 *(.debug_line .debug_line.* .debug_line_end)

.debug_frame
 *(.debug_frame)

.debug_str
 *(.debug_str)

.debug_loc
 *(.debug_loc)

.debug_macinfo
 *(.debug_macinfo)

.debug_weaknames
 *(.debug_weaknames)

.debug_funcnames
 *(.debug_funcnames)

.debug_typenames
 *(.debug_typenames)

.debug_varnames
 *(.debug_varnames)

.debug_pubtypes
 *(.debug_pubtypes)

.debug_ranges
 *(.debug_ranges)

.debug_macro
 *(.debug_macro)

.debug_addr
 *(.debug_addr)

.gnu.attributes
 *(.gnu.attributes)

/DISCARD/
 *(.note.GNU-stack)
 *(.gnu_debuglink)
 *(.gnu.lto_*)
OUTPUT(kernel.bin elf32-i386)
